Đang khởi động TXMD5 AI Predictor...
Khởi chạy ứng dụng...
2026-03-13 01:07:47,222 - root - INFO - Bắt đầu khởi chạy hệ thống...
2026-03-13 01:07:47,222 - root - INFO - Khởi động Telegram Bot Polling...
2026-03-13 01:07:47,609 - httpx - INFO - HTTP Request: POST https://api.telegram.org/bot8302440729:AAET--SkLNuG3uif-Iu59ooND28tEIS4OPE/getMe "HTTP/1.1 200 OK"
2026-03-13 01:07:47,610 - telegram.ext.Application - INFO - Application started
2026-03-13 01:07:47,896 - httpx - INFO - HTTP Request: POST https://api.telegram.org/bot8302440729:AAET--SkLNuG3uif-Iu59ooND28tEIS4OPE/setMyCommands "HTTP/1.1 200 OK"
2026-03-13 01:07:47,897 - root - INFO - Đã thiết lập Menu Lệnh (Bot Commands) thành công.
2026-03-13 01:07:48,015 - httpx - INFO - HTTP Request: POST https://api.telegram.org/bot8302440729:AAET--SkLNuG3uif-Iu59ooND28tEIS4OPE/deleteWebhook "HTTP/1.1 200 OK"
2026-03-13 01:07:48,327 - httpx - INFO - HTTP Request: POST https://api.telegram.org/bot8302440729:AAET--SkLNuG3uif-Iu59ooND28tEIS4OPE/sendMessage "HTTP/1.1 200 OK"
2026-03-13 01:07:58,368 - httpx - INFO - HTTP Request: POST https://api.telegram.org/bot8302440729:AAET--SkLNuG3uif-Iu59ooND28tEIS4OPE/getUpdates "HTTP/1.1 200 OK"
2026-03-13 01:08:08,486 - httpx - INFO - HTTP Request: POST https://api.telegram.org/bot8302440729:AAET--SkLNuG3uif-Iu59ooND28tEIS4OPE/getUpdates "HTTP/1.1 200 OK"
2026-03-13 01:08:18,602 - httpx - INFO - HTTP Request: POST https://api.telegram.org/bot8302440729:AAET--SkLNuG3uif-Iu59ooND28tEIS4OPE/getUpdates "HTTP/1.1 200 OK"
2026-03-13 01:08:28,719 - httpx - INFO - HTTP Request: POST https://api.telegram.org/bot8302440729:AAET--SkLNuG3uif-Iu59ooND28tEIS4OPE/getUpdates "HTTP/1.1 200 OK"
2026-03-13 01:08:38,836 - httpx - INFO - HTTP Request: POST https://api.telegram.org/bot8302440729:AAET--SkLNuG3uif-Iu59ooND28tEIS4OPE/getUpdates "HTTP/1.1 200 OK"
2026-03-13 01:08:48,955 - httpx - INFO - HTTP Request: POST https://api.telegram.org/bot8302440729:AAET--SkLNuG3uif-Iu59ooND28tEIS4OPE/getUpdates "HTTP/1.1 200 OK"
2026-03-13 01:08:59,072 - httpx - INFO - HTTP Request: POST https://api.telegram.org/bot8302440729:AAET--SkLNuG3uif-Iu59ooND28tEIS4OPE/getUpdates "HTTP/1.1 200 OK"
2026-03-13 01:09:09,188 - httpx - INFO - HTTP Request: POST https://api.telegram.org/bot8302440729:AAET--SkLNuG3uif-Iu59ooND28tEIS4OPE/getUpdates "HTTP/1.1 200 OK"
2026-03-13 01:09:19,305 - httpx - INFO - HTTP Request: POST https://api.telegram.org/bot8302440729:AAET--SkLNuG3uif-Iu59ooND28tEIS4OPE/getUpdates "HTTP/1.1 200 OK"
2026-03-13 01:09:29,487 - httpx - INFO - HTTP Request: POST https://api.telegram.org/bot8302440729:AAET--SkLNuG3uif-Iu59ooND28tEIS4OPE/getUpdates "HTTP/1.1 200 OK"
2026-03-13 01:09:39,604 - httpx - INFO - HTTP Request: POST https://api.telegram.org/bot8302440729:AAET--SkLNuG3uif-Iu59ooND28tEIS4OPE/getUpdates "HTTP/1.1 200 OK"
2026-03-13 01:09:49,950 - httpx - INFO - HTTP Request: POST https://api.telegram.org/bot8302440729:AAET--SkLNuG3uif-Iu59ooND28tEIS4OPE/getUpdates "HTTP/1.1 200 OK"
2026-03-13 01:10:00,068 - httpx - INFO - HTTP Request: POST https://api.telegram.org/bot8302440729:AAET--SkLNuG3uif-Iu59ooND28tEIS4OPE/getUpdates "HTTP/1.1 200 OK"
2026-03-13 01:10:10,185 - httpx - INFO - HTTP Request: POST https://api.telegram.org/bot8302440729:AAET--SkLNuG3uif-Iu59ooND28tEIS4OPE/getUpdates "HTTP/1.1 200 OK"
2026-03-13 01:10:20,302 - httpx - INFO - HTTP Request: POST https://api.telegram.org/bot8302440729:AAET--SkLNuG3uif-Iu59ooND28tEIS4OPE/getUpdates "HTTP/1.1 200 OK"
2026-03-13 01:10:30,418 - httpx - INFO - HTTP Request: POST https://api.telegram.org/bot8302440729:AAET--SkLNuG3uif-Iu59ooND28tEIS4OPE/getUpdates "HTTP/1.1 200 OK"
2026-03-13 01:10:40,535 - httpx - INFO - HTTP Request: POST https://api.telegram.org/bot8302440729:AAET--SkLNuG3uif-Iu59ooND28tEIS4OPE/getUpdates "HTTP/1.1 200 OK"
2026-03-13 01:10:50,651 - httpx - INFO - HTTP Request: POST https://api.telegram.org/bot8302440729:AAET--SkLNuG3uif-Iu59ooND28tEIS4OPE/getUpdates "HTTP/1.1 200 OK"
2026-03-13 01:11:00,768 - httpx - INFO - HTTP Request: POST https://api.telegram.org/bot8302440729:AAET--SkLNuG3uif-Iu59ooND28tEIS4OPE/getUpdates "HTTP/1.1 200 OK"
2026-03-13 01:11:10,884 - httpx - INFO - HTTP Request: POST https://api.telegram.org/bot8302440729:AAET--SkLNuG3uif-Iu59ooND28tEIS4OPE/getUpdates "HTTP/1.1 200 OK"
2026-03-13 01:11:21,001 - httpx - INFO - HTTP Request: POST https://api.telegram.org/bot8302440729:AAET--SkLNuG3uif-Iu59ooND28tEIS4OPE/getUpdates "HTTP/1.1 200 OK"
2026-03-13 01:11:31,118 - httpx - INFO - HTTP Request: POST https://api.telegram.org/bot8302440729:AAET--SkLNuG3uif-Iu59ooND28tEIS4OPE/getUpdates "HTTP/1.1 200 OK"
2026-03-13 01:11:32,111 - httpx - INFO - HTTP Request: POST https://api.telegram.org/bot8302440729:AAET--SkLNuG3uif-Iu59ooND28tEIS4OPE/getUpdates "HTTP/1.1 200 OK"
2026-03-13 01:11:32,657 - httpx - INFO - HTTP Request: POST https://api.telegram.org/bot8302440729:AAET--SkLNuG3uif-Iu59ooND28tEIS4OPE/sendMessage "HTTP/1.1 200 OK"
2026-03-13 01:11:36,632 - httpx - INFO - HTTP Request: POST https://api.telegram.org/bot8302440729:AAET--SkLNuG3uif-Iu59ooND28tEIS4OPE/getUpdates "HTTP/1.1 200 OK"
2026-03-13 01:11:36,947 - httpx - INFO - HTTP Request: POST https://api.telegram.org/bot8302440729:AAET--SkLNuG3uif-Iu59ooND28tEIS4OPE/sendMessage "HTTP/1.1 200 OK"
2026-03-13 01:11:46,751 - httpx - INFO - HTTP Request: POST https://api.telegram.org/bot8302440729:AAET--SkLNuG3uif-Iu59ooND28tEIS4OPE/getUpdates "HTTP/1.1 200 OK"
2026-03-13 01:11:50,945 - httpx - INFO - HTTP Request: POST https://api.telegram.org/bot8302440729:AAET--SkLNuG3uif-Iu59ooND28tEIS4OPE/getUpdates "HTTP/1.1 200 OK"
2026-03-13 01:11:51,489 - httpx - INFO - HTTP Request: POST https://api.telegram.org/bot8302440729:AAET--SkLNuG3uif-Iu59ooND28tEIS4OPE/sendMessage "HTTP/1.1 200 OK"
2026-03-13 01:12:01,064 - httpx - INFO - HTTP Request: POST https://api.telegram.org/bot8302440729:AAET--SkLNuG3uif-Iu59ooND28tEIS4OPE/getUpdates "HTTP/1.1 200 OK"
2026-03-13 01:12:11,180 - httpx - INFO - HTTP Request: POST https://api.telegram.org/bot8302440729:AAET--SkLNuG3uif-Iu59ooND28tEIS4OPE/getUpdates "HTTP/1.1 200 OK"
2026-03-13 01:12:13,096 - httpx - INFO - HTTP Request: POST https://api.telegram.org/bot8302440729:AAET--SkLNuG3uif-Iu59ooND28tEIS4OPE/getUpdates "HTTP/1.1 200 OK"
2026-03-13 01:12:13,638 - httpx - INFO - HTTP Request: POST https://api.telegram.org/bot8302440729:AAET--SkLNuG3uif-Iu59ooND28tEIS4OPE/sendMessage "HTTP/1.1 200 OK"
2026-03-13 01:12:23,214 - httpx - INFO - HTTP Request: POST https://api.telegram.org/bot8302440729:AAET--SkLNuG3uif-Iu59ooND28tEIS4OPE/getUpdates "HTTP/1.1 200 OK"
2026-03-13 01:12:33,331 - httpx - INFO - HTTP Request: POST https://api.telegram.org/bot8302440729:AAET--SkLNuG3uif-Iu59ooND28tEIS4OPE/getUpdates "HTTP/1.1 200 OK"
2026-03-13 01:12:43,448 - httpx - INFO - HTTP Request: POST https://api.telegram.org/bot8302440729:AAET--SkLNuG3uif-Iu59ooND28tEIS4OPE/getUpdates "HTTP/1.1 200 OK"
2026-03-13 01:12:53,565 - httpx - INFO - HTTP Request: POST https://api.telegram.org/bot8302440729:AAET--SkLNuG3uif-Iu59ooND28tEIS4OPE/getUpdates "HTTP/1.1 200 OK"
2026-03-13 01:13:02,809 - httpx - INFO - HTTP Request: POST https://api.telegram.org/bot8302440729:AAET--SkLNuG3uif-Iu59ooND28tEIS4OPE/getUpdates "HTTP/1.1 200 OK"
2026-03-13 01:13:03,362 - httpx - INFO - HTTP Request: POST https://api.telegram.org/bot8302440729:AAET--SkLNuG3uif-Iu59ooND28tEIS4OPE/sendMessage "HTTP/1.1 200 OK"
2026-03-13 01:13:12,929 - httpx - INFO - HTTP Request: POST https://api.telegram.org/bot8302440729:AAET--SkLNuG3uif-Iu59ooND28tEIS4OPE/getUpdates "HTTP/1.1 200 OK"
2026-03-13 01:13:23,046 - httpx - INFO - HTTP Request: POST https://api.telegram.org/bot8302440729:AAET--SkLNuG3uif-Iu59ooND28tEIS4OPE/getUpdates "HTTP/1.1 200 OK"
2026-03-13 01:13:33,162 - httpx - INFO - HTTP Request: POST https://api.telegram.org/bot8302440729:AAET--SkLNuG3uif-Iu59ooND28tEIS4OPE/getUpdates "HTTP/1.1 200 OK"
2026-03-13 01:13:43,280 - httpx - INFO - HTTP Request: POST https://api.telegram.org/bot8302440729:AAET--SkLNuG3uif-Iu59ooND28tEIS4OPE/getUpdates "HTTP/1.1 200 OK"
2026-03-13 01:13:53,397 - httpx - INFO - HTTP Request: POST https://api.telegram.org/bot8302440729:AAET--SkLNuG3uif-Iu59ooND28tEIS4OPE/getUpdates "HTTP/1.1 200 OK"
2026-03-13 01:14:03,513 - httpx - INFO - HTTP Request: POST https://api.telegram.org/bot8302440729:AAET--SkLNuG3uif-Iu59ooND28tEIS4OPE/getUpdates "HTTP/1.1 200 OK"
2026-03-13 01:14:13,630 - httpx - INFO - HTTP Request: POST https://api.telegram.org/bot8302440729:AAET--SkLNuG3uif-Iu59ooND28tEIS4OPE/getUpdates "HTTP/1.1 200 OK"
2026-03-13 01:14:23,746 - httpx - INFO - HTTP Request: POST https://api.telegram.org/bot8302440729:AAET--SkLNuG3uif-Iu59ooND28tEIS4OPE/getUpdates "HTTP/1.1 200 OK"
2026-03-13 02:24:17,874 - root - ERROR - Lỗi khi gọi API:
2026-03-13 02:24:18,088 - httpx - INFO - HTTP Request: POST https://api.telegram.org/bot8302440729:AAET--SkLNuG3uif-Iu59ooND28tEIS4OPE/getUpdates "HTTP/1.1 200 OK"
2026-03-13 02:24:18,509 - httpx - INFO - HTTP Request: POST https://api.telegram.org/bot8302440729:AAET--SkLNuG3uif-Iu59ooND28tEIS4OPE/sendMessage "HTTP/1.1 200 OK"
2026-03-13 02:24:18,689 - httpx - INFO - HTTP Request: POST https://api.telegram.org/bot8302440729:AAET--SkLNuG3uif-Iu59ooND28tEIS4OPE/sendMessage "HTTP/1.1 200 OK"
2026-03-13 02:24:19,010 - httpx - INFO - HTTP Request: POST https://api.telegram.org/bot8302440729:AAET--SkLNuG3uif-Iu59ooND28tEIS4OPE/sendMessage "HTTP/1.1 200 OK"
2026-03-13 02:24:28,258 - httpx - INFO - HTTP Request: POST https://api.telegram.org/bot8302440729:AAET--SkLNuG3uif-Iu59ooND28tEIS4OPE/getUpdates "HTTP/1.1 200 OK"
2026-03-13 02:24:38,394 - httpx - INFO - HTTP Request: POST https://api.telegram.org/bot8302440729:AAET--SkLNuG3uif-Iu59ooND28tEIS4OPE/getUpdates "HTTP/1.1 200 OK"
2026-03-13 02:24:48,516 - httpx - INFO - HTTP Request: POST https://api.telegram.org/bot8302440729:AAET--SkLNuG3uif-Iu59ooND28tEIS4OPE/getUpdates "HTTP/1.1 200 OK"
